[backblue.gif]
[fade.gif]
[index.html]
[localhost/wordpress/feed/index.html]
[localhost/wordpress/comments/feed/index.html]
[fonts.googleapis.com/index.html]
[localhost/wordpress/xmlrpc0db0.php]
[localhost/wordpress/wp-includes/wlwmanifest.xml]
[localhost/wordpress/wp-content/plugins/qtranslate-x/flags/gb.png]
[localhost/wordpress/wp-content/plugins/qtranslate-x/flags/es.png]
[localhost/wordpress/wp-json/index.html]
[localhost/wordpress/wp-content/uploads/2016/10/da1f17b7d6b2da25533adf82489454c4.jpg]
[localhost/wordpress/wp-content/uploads/2016/08/new-cover-2.jpg]
[localhost/wordpress/wp-content/uploads/2016/09/testo-350x280.png]
[localhost/wordpress/wp-content/uploads/2016/07/cuteness-350x280.jpg]
[localhost/wordpress/wp-content/uploads/2016/07/anime-emo-color-wallpaper-for-desktop-350x280.jpg]
[localhost/wordpress/wp-content/uploads/2016/07/LLxJ1yE-350x280.jpg]
[localhost/wordpress/wp-content/uploads/2016/07/0s108Fj-350x280.jpg]
[localhost/wordpress/index.html]
[gmpg.org/xfn/11.html]
[localhost/wordpress/xmlrpc.php]
[zcat.site.curl.pink/index.html]
[fonts.googleapis.com/index.html]
[s.w.org/index.html]
[localhost/wordpress/wp-content/plugins/simple-follow-me-social-buttons-widget/assets/css/style6765.css]
[localhost/wordpress/wp-content/plugins/simple-follow-me-social-buttons-widget/assets/fonts/social_buttons046b.eot]
[localhost/wordpress/wp-content/plugins/simple-follow-me-social-buttons-widget/assets/css/icons6765.css]
[localhost/wordpress/wp-content/themes/beetle/stylec64e.css]
[localhost/wordpress/wp-content/themes/beetle/css/genericons/Genericons.eot]
[localhost/wordpress/wp-content/themes/beetle/css/genericons/Genericons.ttf]
[localhost/wordpress/wp-content/themes/beetle/css/genericons/genericons5589.css]
[fonts.googleapis.com/css75e4.css]
[localhost/wordpress/wp-includes/js/jquery/jqueryb8ff.js]
[localhost/wordpress/wp-includes/js/jquery/jquery-migrate.min330a.js]
[localhost/wordpress/wp-content/plugins/simple-follow-me-social-buttons-widget/assets/js/front-widget6765.js]
[localhost/wordpress/wp-content/themes/beetle/js/navigation7c13.js]
[localhost/wordpress/en/index.html]
[localhost/wordpress/wp-content/uploads/2016/08/facebookxmpp-350x280.jpg]
[localhost/wordpress/wp-content/uploads/2016/08/gentoolinux-151012124601-lva1-app6892-thumbnail-3.jpg]
[localhost/wordpress/wp-content/uploads/2016/07/ram_computer_memory_clip_art_10171-350x93.jpg]
[localhost/wordpress/wp-content/uploads/2016/07/screenshot-from-2016-05-04-23-11-10-350x280.png]
[localhost/wordpress/wp-content/uploads/2016/07/large-13-350x280.jpg]
[localhost/wordpress/wp-content/uploads/2016/07/4welxsa-350x280.jpg]
[localhost/wordpress/wp-content/uploads/2016/07/large-4-350x233.jpg]
[localhost/wordpress/wp-content/uploads/2016/07/smile-350x280.jpg]
[localhost/wordpress/es/index.html]
[zcat.site.curl.pink/rss]
[zcat.site.curl.pink/manifest.json]
[zcat.site.curl.pink/android-app_/com.tumblr/tumblr/x-callback-url/blog161d]
[localhost/wordpress/wp-content/themes/beetle/css/genericons/Genericonsd41d.eot]
[zcat.site.curl.pink/ios-app_/305343404/tumblr/x-callback-url/blog161d]
[localhost/wordpress/es/feed/index.html]
[zcat.site.curl.pink/post/149570976036/august-26-2016.html]
[zcat.site.curl.pink/post/149482973666/august.html]
[zcat.site.curl.pink/post/148573636791/ffmpeg-saved-the-day-c.html]
[localhost/wordpress/es/comments/feed/index.html]
[themezee.com/themes/beetle/index.html]
[localhost/wordpress/es/wp-json/index.html]
[zcat.site.curl.pink/post/148054361601/july-27-2016.html]
[zcat.site.curl.pink/post/146778491606/july-1-2016.html]
[zcat.site.curl.pink/post/146581871611/june-27-2016.html]
[zcat.site.curl.pink/post/146571158996/june-12-2016.html]
[zcat.site.curl.pink/post/146570973426/june-11-2016.html]
[zcat.site.curl.pink/post/146570903196/june-12-2016]
[zcat.site.curl.pink/post/146570873371/june-1st-2016.html]
[zcat.site.curl.pink/post/146570711726/may-25-2016.html]
[zcat.site.curl.pink/post/146570635616/may-19-2016.html]
[zcat.site.curl.pink/post/146570600581/may-15-2016.html]
[zcat.site.curl.pink/post/146570551001/may-5-2016.html]
[zcat.site.curl.pink/post/146570509381/may-4-2016.html]
[zcat.site.curl.pink/page/2.html]
[zcat.site.curl.pink/analytics.html]
[zcat.site.curl.pink/index.html]
[localhost/wordpress/2016/07/30/advertencia-antes-de-instalar-gentoo/index.html]
[localhost/wordpress/naipes-de-distros/index.html]
[localhost/wordpress/about/index.html]
[localhost/wordpress/about-me/index.html]
[localhost/wordpress/2016/09/26/3-years-using-gentoo-linux/index.html]
[localhost/wordpress/author/admin/index.html]
[localhost/wordpress/category/desktop/index.html]
[localhost/wordpress/category/gentoo/index.html]
[localhost/wordpress/2016/07/30/i-donated-everything-to-linux-mint-although-i-use-gentoo/index.html]
[localhost/wordpress/category/uncategorized/index.html]
[localhost/wordpress/2016/07/30/fix-history-with-repeated-commands/index.html]
[localhost/wordpress/category/bash/index.html]
[localhost/wordpress/2016/07/30/nice-desktops-minimal/index.html]
[localhost/wordpress/2016/07/30/gentoo-netbook-kde/index.html]
[localhost/wordpress/category/portable/index.html]
[localhost/wordpress/2016/09/index.html]
[localhost/wordpress/tag/gentoo/index.html]
[localhost/wordpress/tag/install-gentoo/index.html]
[localhost/wordpress/tag/iso/index.html]
[localhost/wordpress/tag/livecd/index.html]
[wordpress.org/index.html]
[themezee.com/themes/beetle/linkid.js]
[themezee.com/themes/beetle/index.html]
[localhost/wordpress/wp-includes/js/wp-embed.min1c9b.js]
[gmpg.org/xfn/default.css]
[gmpg.org/xfn/.html]
[gmpg.org/xfn/intro.html]
[gmpg.org/xfn/faq.html]
[gmpg.org/xfn/thanks.html]
[localhost/wordpress/wp-content/themes/beetle/css/genericons/Genericons.svg]
[localhost/wordpress/es/2016/07/30/advertencia-antes-de-instalar-gentoo/index.html]
[localhost/wordpress/es/naipes-de-distros/index.html]
[localhost/wordpress/es/about/index.html]
[localhost/wordpress/es/about-me/index.html]
[localhost/wordpress/es/2016/09/26/3-years-using-gentoo-linux/index.html]
[localhost/wordpress/es/author/admin/index.html]
[localhost/wordpress/es/category/desktop/index.html]
[localhost/wordpress/es/category/gentoo/index.html]
[localhost/wordpress/es/2016/08/20/usar-protocolos-de-chat-como-xmpp-y-facebook-en-clientes-irc/index.html]
[localhost/wordpress/es/category/uncategorized/index.html]
[localhost/wordpress/es/2016/08/20/no-deberia-de-haber-livedvd-de-gentoo-ni-tampoco-deberia-venir-con-lili/index.html]
[localhost/wordpress/es/category/installation/index.html]
[localhost/wordpress/es/2016/07/30/comparacion-de-sistemas-de-archivos-en-memoria-ram/index.html]
[localhost/wordpress/es/2016/07/30/fix-history-with-repeated-commands/index.html]
[localhost/wordpress/es/category/bash/index.html]
[localhost/wordpress/es/2016/07/30/quitar-el-codigo-de-la-nsa-por-default-de-linux/index.html]
[localhost/wordpress/es/category/kernel/index.html]
[localhost/wordpress/es/2016/07/30/diferencia-entre-el-livedvd-de-gentoo-y-una-instalacion-correcta-de-gentoo/index.html]
[localhost/wordpress/es/2016/07/30/experiencias-al-instalar-gentoo-d/index.html]
[localhost/wordpress/es/2016/07/30/introduccion-a-gentoo-para-principiantes/index.html]
[localhost/wordpress/es/page/2/index.html]
[localhost/wordpress/es/2016/09/index.html]
[localhost/wordpress/es/tag/gentoo/index.html]
[localhost/wordpress/es/tag/install-gentoo/index.html]
[localhost/wordpress/es/tag/iso/index.html]
[localhost/wordpress/es/tag/livecd/index.html]
[fonts.googleapis.com/cssfe16.css]
[zcat.site.curl.pink/android-app_/com.tumblr/tumblr/x-callback-url/blog161d.html]
[zcat.site.curl.pink/ios-app_/305343404/tumblr/x-callback-url/blog161d.html]
[zcat.site.curl.pink/post/149570976036/august-26-2016.html]
[zcat.site.curl.pink/post/149482973666/august.html]
[zcat.site.curl.pink/post/148573636791/ffmpeg-saved-the-day-c.html]
[zcat.site.curl.pink/post/148054361601/july-27-2016.html]
[zcat.site.curl.pink/post/146778491606/july-1-2016.html]
[zcat.site.curl.pink/post/146581871611/june-27-2016.html]
[zcat.site.curl.pink/post/146571158996/june-12-2016.html]
[zcat.site.curl.pink/post/146570973426/june-11-2016.html]
[zcat.site.curl.pink/post/146570903196/june-12-2016.html]
[zcat.site.curl.pink/post/146570873371/june-1st-2016.html]
[zcat.site.curl.pink/post/146570711726/may-25-2016.html]
[zcat.site.curl.pink/post/146570635616/may-19-2016.html]
[zcat.site.curl.pink/post/146570600581/may-15-2016.html]
[zcat.site.curl.pink/post/146570551001/may-5-2016.html]
[zcat.site.curl.pink/post/146570509381/may-4-2016.html]
[zcat.site.curl.pink/page/2.html]
[zcat.site.curl.pink/analytics.html]
[localhost/wordpress/es/2016/07/30/i-donated-everything-to-linux-mint-although-i-use-gentoo/index.html]
[localhost/wordpress/es/2016/07/30/nice-desktops-minimal/index.html]
[localhost/wordpress/es/2016/07/30/gentoo-netbook-kde/index.html]
[localhost/wordpress/es/category/portable/index.html]
[fonts.googleapis.com/css4c73.css]
[themezee.com/themes/beetle/linkid.html]
